// Jest Snapshot v1, https://goo.gl/fbAQLP

exports[`Playlist рендерится корректно 1`] = `
<div>
  <div
    class="centerblockContent"
  >
    <div
      class="contentTitle"
    >
      <div
        class="playlistTitleCol01"
      >
        Трек
      </div>
      <div
        class="playlistTitleCol02"
      >
        Исполнитель
      </div>
      <div
        class="playlistTitleCol03"
      >
        Альбом
      </div>
      <div
        class="playlistTitleCol04"
      >
        <svg
          class="playlistTitleSvg"
        >
          <use
            xlink:href="img/icon/sprite.svg#icon-watch"
          />
        </svg>
      </div>
    </div>
    <div
      class="contentPlaylist"
    >
      <div
        class="playlistItem"
      >
        <div
          class="playlistTrack"
        >
          <div
            class="trackTitle"
          >
            <div
              class="trackTitleImage"
            >
              <svg
                class="trackTitleSvg"
              >
                <use
                  xlink:href="img/icon/sprite.svg#icon-note"
                />
              </svg>
            </div>
            <div
              class="trackTitleText"
            >
              <span
                class="trackTitleLink"
              >
                Track 1
                 
                <span
                  class="trackTitleSpan"
                />
              </span>
            </div>
          </div>
          <div
            class="trackAuthor"
          >
            <span
              class="trackAuthorLink"
            >
              Artist 1
            </span>
          </div>
          <div
            class="trackAlbum"
          >
            <span
              class="trackAlbumLink"
            >
              Album 1
            </span>
          </div>
          <div
            class="trackTime"
          >
            <svg
              class="trackTimeSvg"
            >
              <use
                xlink:href="img/icon/sprite.svg#icon-like"
              />
            </svg>
            <span
              class="trackTimeText"
            >
              3:00
            </span>
          </div>
        </div>
      </div>
      <div
        class="playlistItem"
      >
        <div
          class="playlistTrack"
        >
          <div
            class="trackTitle"
          >
            <div
              class="trackTitleImage"
            >
              <svg
                class="trackTitleSvg"
              >
                <use
                  xlink:href="img/icon/sprite.svg#icon-note"
                />
              </svg>
            </div>
            <div
              class="trackTitleText"
            >
              <span
                class="trackTitleLink"
              >
                Track 2
                 
                <span
                  class="trackTitleSpan"
                />
              </span>
            </div>
          </div>
          <div
            class="trackAuthor"
          >
            <span
              class="trackAuthorLink"
            >
              Artist 2
            </span>
          </div>
          <div
            class="trackAlbum"
          >
            <span
              class="trackAlbumLink"
            >
              Album 2
            </span>
          </div>
          <div
            class="trackTime"
          >
            <svg
              class="trackTimeSvg"
            >
              <use
                xlink:href="img/icon/sprite.svg#icon-like"
              />
            </svg>
            <span
              class="trackTimeText"
            >
              3:20
            </span>
          </div>
        </div>
      </div>
    </div>
  </div>
</div>
`;
